{
    "identifier": "WHALE-b018f0",
    "name": "Whalecoin",
    "owner": "erd1660va6y429mxz4dkgek0ssny8tccaaaaaaaaaabbbbbbbbbbxxxxxxxxxx",
    "decimals": 6,
    "isPaused": false,
    "assets": null,
    "canUpgrade": true,
    "canMint": true,
    "canBurn": true,
    "canChangeOwner": true,
    "canPause": true,
    "canFreeze": true,
    "canWipe": true,
    "balance": "1000000000000",
    "ticker": "WHALE-b018f0",
    "burnt": "0",
    "minted": "2644244444444000000",
    "supply": "3000000000000000000",
    "rawResponse": {
        "identifier": "WHALE-b018f0",
        "name": "Whalecoin",
        "ticker": "WHALE-b018f0",
        "owner": "erd1660va6y429mxz4dkgek0ssny8tccaaaaaaaaaabbbbbbbbbbxxxxxxxxxx",
        "minted": "2644244444444000000",
        "burnt": "0",
        "decimals": 6,
        "isPaused": false,
        "canUpgrade": true,
        "canMint": true,
        "canBurn": true,
        "canChangeOwner": true,
        "canPause": true,
        "canFreeze": true,
        "canWipe": true,
        "supply": "3000000000000000000",
        "balance": "1000000000000"
    }
}